Microsoft (R) Macro Assembler Version 14.42.34436.0	    05/11/25 13:58:54
CODE.asm						     Page 1 - 1


				; 23i-2622
				; DS A
				; COAL SEMESTER PROJECT 

				include irvine32.inc
			      C ; Include file for Irvine32.lib             (Irvine32.inc)
			      C 
			      C ;OPTION CASEMAP:NONE		; optional: make identifiers case-sensitive
			      C 
			      C INCLUDE SmallWin.inc		; MS-Windows prototypes, structures, and constants
			      C .NOLIST
			      C .LIST
			      C 
			      C INCLUDE VirtualKeys.inc
			      C ; VirtualKeys.inc
			      C .NOLIST
			      C .LIST
			      C 
			      C 
			      C .NOLIST
			      C .LIST
			      C 

 00000000			.data
				    
 00000000 53 63 6F 72 65	    fileName  db "Scores.txt" 
	   73 2E 74 78 74
 0000000A 45 6E 74 65 72		inputName db "Enter your name ... ",0
	   20 79 6F 75 72
	   20 6E 61 6D 65
	   20 2E 2E 2E 20
	   00
 0000001F  00000032 [		    username  db 50 dup(0)
	    00
	   ]

 00000051 23 23 23 23 23	    pmtitle1 db "#################################################################################",0
	   23 23 23 23 23
	   23 23 23 23 23
	   23 23 23 23 23
	   23 23 23 23 23
	   23 23 23 23 23
	   23 23 23 23 23
	   23 23 23 23 23
	   23 23 23 23 23
	   23 23 23 23 23
	   23 23 23 23 23
	   23 23 23 23 23
	   23 23 23 23 23
	   23 23 23 23 23
	   23 23 23 23 23
	   23 23 23 23 23
	   23 00
 000000A3 23 20 20 20 20	    pmtitle2 db "#                                                                               #",0
	   20 20 20 20 20
	   20 20 20 20 20
	   20 20 20 20 20
	   20 20 20 20 20
	   20 20 20 20 20
	   20 20 20 20 20
	   20 20 20 20 20
	   20 20 20 20 20
	   20 20 20 20 20
	   20 20 20 20 20
	   20 20 20 20 20
	   20 20 20 20 20
	   20 20 20 20 20
	   20 20 20 20 20
	   20 20 20 20 20
	   23 00
 000000F5 23 20 20 20 20	    pmtitle3 db "#      %%%%%%%%  %%%%%%%  %%%%%%%%     %%%%%   %%%%%  %%%%%%%%   %%      %      #",0
	   20 20 25 25 25
	   25 25 25 25 25
	   20 20 25 25 25
	   25 25 25 25 20
	   20 25 25 25 25
	   25 25 25 25 20
	   20 20 20 20 25
	   25 25 25 25 20
	   20 20 25 25 25
	   25 25 20 20 25
	   25 25 25 25 25
	   25 25 20 20 20
	   25 25 20 20 20
	   20 20 20 25 20
	   20 20 20 20 20
	   23 00
 00000147 23 20 20 20 20		pmtitle4 db "#      %%     %  %     %  %            %   %   %   %  %      %   % %     %      #",0
	   20 20 25 25 20
	   20 20 20 20 25
	   20 20 25 20 20
	   20 20 20 25 20
	   20 25 20 20 20
	   20 20 20 20 20
	   20 20 20 20 25
	   20 20 20 25 20
	   20 20 25 20 20
	   20 25 20 20 25
	   20 20 20 20 20
	   20 25 20 20 20
	   25 20 25 20 20
	   20 20 20 25 20
	   20 20 20 20 20
	   23 00
 00000199 23 20 20 20 20		pmtitle5 db "#      %%     %  %     %  %            %   %   %   %  %      %   %  %    %      #",0
	   20 20 25 25 20
	   20 20 20 20 25
	   20 20 25 20 20
	   20 20 20 25 20
	   20 25 20 20 20
	   20 20 20 20 20
	   20 20 20 20 25
	   20 20 20 25 20
	   20 20 25 20 20
	   20 25 20 20 25
	   20 20 20 20 20
	   20 25 20 20 20
	   25 20 20 25 20
	   20 20 20 25 20
	   20 20 20 20 20
	   23 00
 000001EB 23 20 20 20 20		pmtitle6 db "#      %%%%%%%%  %%%%%%%  %       %%%  %   %%%%%   %  %%%%%%%%   %   %   %      #",0
	   20 20 25 25 25
	   25 25 25 25 25
	   20 20 25 25 25
	   25 25 25 25 20
	   20 25 20 20 20
	   20 20 20 20 25
	   25 25 20 20 25
	   20 20 20 25 25
	   25 25 25 20 20
	   20 25 20 20 25
	   25 25 25 25 25
	   25 25 20 20 20
	   25 20 20 20 25
	   20 20 20 25 20
	   20 20 20 20 20
	   23 00
 0000023D 23 20 20 20 20		pmtitle7 db "#      %%        %     %  %            %           %  %      %   %    %  %      #",0
	   20 20 25 25 20
	   20 20 20 20 20
	   20 20 25 20 20
	   20 20 20 25 20
	   20 25 20 20 20
	   20 20 20 20 20
	   20 20 20 20 25
	   20 20 20 20 20
	   20 20 20 20 20
	   20 25 20 20 25
	   20 20 20 20 20
	   20 25 20 20 20
	   25 20 20 20 20
	   25 20 20 25 20
	   20 20 20 20 20
	   23 00
 0000028F 23 20 20 20 20		pmtitle8 db "#      %%        %     %  %            %           %  %      %   %     % %      #",0
	   20 20 25 25 20
	   20 20 20 20 20
	   20 20 25 20 20
	   20 20 20 25 20
	   20 25 20 20 20
	   20 20 20 20 20
	   20 20 20 20 25
	   20 20 20 20 20
	   20 20 20 20 20
	   20 25 20 20 25
	   20 20 20 20 20
	   20 25 20 20 20
	   25 20 20 20 20
	   20 25 20 25 20
	   20 20 20 20 20
	   23 00
 000002E1 23 20 20 20 20		pmtitle9 db "#      %%        %     %  %%%%%%%%     %           %  %      %   %      %%      #",0
	   20 20 25 25 20
	   20 20 20 20 20
	   20 20 25 20 20
	   20 20 20 25 20
	   20 25 25 25 25
	   25 25 25 25 20
	   20 20 20 20 25
	   20 20 20 20 20
	   20 20 20 20 20
	   20 25 20 20 25
	   20 20 20 20 20
	   20 25 20 20 20
	   25 20 20 20 20
	   20 20 25 25 20
	   20 20 20 20 20
	   23 00
 00000333 23 20 20 20 20		pmtitle10 db"#                                                                               #",0
	   20 20 20 20 20
	   20 20 20 20 20
	   20 20 20 20 20
	   20 20 20 20 20
	   20 20 20 20 20
	   20 20 20 20 20
	   20 20 20 20 20
	   20 20 20 20 20
	   20 20 20 20 20
	   20 20 20 20 20
	   20 20 20 20 20
	   20 20 20 20 20
	   20 20 20 20 20
	   20 20 20 20 20
	   20 20 20 20 20
	   23 00
 00000385 23 23 23 23 23		pmtitle11 db"#################################################################################",0
	   23 23 23 23 23
	   23 23 23 23 23
	   23 23 23 23 23
	   23 23 23 23 23
	   23 23 23 23 23
	   23 23 23 23 23
	   23 23 23 23 23
	   23 23 23 23 23
	   23 23 23 23 23
	   23 23 23 23 23
	   23 23 23 23 23
	   23 23 23 23 23
	   23 23 23 23 23
	   23 23 23 23 23
	   23 23 23 23 23
	   23 00

 000003D7 20 5F 5F 5F 20	    menutitle0 db " ___     ___ _________  ___     ___ ___   ___ ",0
	   20 20 20 20 5F
	   5F 5F 20 5F 5F
	   5F 5F 5F 5F 5F
	   5F 5F 20 20 5F
	   5F 5F 20 20 20
	   20 20 5F 5F 5F
	   20 5F 5F 5F 20
	   20 20 5F 5F 5F
	   20 00
 00000406 20 7C 20 20 5C	    menutitle1 db " |  \   /  | |  ______| |  \    | | | |   | | ",0
	   20 20 20 2F 20
	   20 7C 20 7C 20
	   20 5F 5F 5F 5F
	   5F 5F 7C 20 7C
	   20 20 5C 20 20
	   20 20 7C 20 7C
	   20 7C 20 7C 20
	   20 20 7C 20 7C
	   20 00
 00000435 20 7C 20 7C 5C	    menutitle2 db " | |\\_//| | | |______  | |\\   | | | |   | |",0
	   5C 5F 2F 2F 7C
	   20 7C 20 7C 20
	   7C 5F 5F 5F 5F
	   5F 5F 20 20 7C
	   20 7C 5C 5C 20
	   20 20 7C 20 7C
	   20 7C 20 7C 20
	   20 20 7C 20 7C
	   00
 00000463 20 7C 20 7C 20	    menutitle3 db " | | \_/ | | | _______| | | \\  | | | |   | | ",0
	   5C 5F 2F 20 7C
	   20 7C 20 7C 20
	   5F 5F 5F 5F 5F
	   5F 5F 7C 20 7C
	   20 7C 20 5C 5C
	   20 20 7C 20 7C
	   20 7C 20 7C 20
	   20 20 7C 20 7C
	   20 00
 00000492 20 7C 20 7C 20	    menutitle4 db " | |     | | | |______  | |  \\ | | | |___| |",0
	   20 20 20 20 7C
	   20 7C 20 7C 20
	   7C 5F 5F 5F 5F
	   5F 5F 20 20 7C
	   20 7C 20 20 5C
	   5C 20 7C 20 7C
	   20 7C 20 7C 5F
	   5F 5F 7C 20 7C
	   00
 000004C0 20 7C 5F 7C 20	    menutitle5 db " |_|     |_| |________| |_|   \\|_| |_______| ",0
	   20 20 20 20 7C
	   5F 7C 20 7C 5F
	   5F 5F 5F 5F 5F
	   5F 5F 7C 20 7C
	   5F 7C 20 20 20
	   5C 5C 7C 5F 7C
	   20 7C 5F 5F 5F
	   5F 5F 5F 5F 7C
	   20 00

 000004EF 2D 2D 2D 2D 2D	    menuopt0 db "---------------------------------",0
	   2D 2D 2D 2D 2D
	   2D 2D 2D 2D 2D
	   2D 2D 2D 2D 2D
	   2D 2D 2D 2D 2D
	   2D 2D 2D 2D 2D
	   2D 2D 2D 00
 00000511 7C 20 20 31 2E	    menuopt1 db "|  1. Start Game ( 3 levels)    |",0
	   20 53 74 61 72
	   74 20 47 61 6D
	   65 20 28 20 33
	   20 6C 65 76 65
	   6C 73 29 20 20
	   20 20 7C 00
 00000533 7C 20 20 32 2E	    menuopt2 db "|  2. Display Game Instructions |",0
	   20 44 69 73 70
	   6C 61 79 20 47
	   61 6D 65 20 49
	   6E 73 74 72 75
	   63 74 69 6F 6E
	   73 20 7C 00
 00000555 7C 20 20 33 2E	    menuopt3 db "|  3. View Highscores /scores   |",0
	   20 56 69 65 77
	   20 48 69 67 68
	   73 63 6F 72 65
	   73 20 2F 73 63
	   6F 72 65 73 20
	   20 20 7C 00
 00000577 7C 20 20 34 2E	    menuopt4 db "|  4. Exit Game                 |",0
	   20 45 78 69 74
	   20 47 61 6D 65
	   20 20 20 20 20
	   20 20 20 20 20
	   20 20 20 20 20
	   20 20 7C 00
 00000599 7C 5F 5F 5F 5F	    menuopt5 db "|_______________________________|",0
	   5F 5F 5F 5F 5F
	   5F 5F 5F 5F 5F
	   5F 5F 5F 5F 5F
	   5F 5F 5F 5F 5F
	   5F 5F 5F 5F 5F
	   5F 5F 7C 00

 000005BB 45 6E 74 65 72	    menuoptchoose db "Enter your choice:  ",0
	   20 79 6F 75 72
	   20 63 68 6F 69
	   63 65 3A 20 20
	   00

 000005D0 2A 20 20 20 20	    level1opt0 db "*     ***** *       * *****  *          **    ",0
	   20 2A 2A 2A 2A
	   2A 20 2A 20 20
	   20 20 20 20 20
	   2A 20 2A 2A 2A
	   2A 2A 20 20 2A
	   20 20 20 20 20
	   20 20 20 20 20
	   2A 2A 20 20 20
	   20 00
 000005FF 2A 20 20 20 20	    level1opt1 db "*     *      *     *  *      *          **    ",0
	   20 2A 20 20 20
	   20 20 20 2A 20
	   20 20 20 20 2A
	   20 20 2A 20 20
	   20 20 20 20 2A
	   20 20 20 20 20
	   20 20 20 20 20
	   2A 2A 20 20 20
	   20 00
 0000062E 2A 20 20 20 20	    level1opt2 db "*     *****   *   *   *****  *          **    ",0
	   20 2A 2A 2A 2A
	   2A 20 20 20 2A
	   20 20 20 2A 20
	   20 20 2A 2A 2A
	   2A 2A 20 20 2A
	   20 20 20 20 20
	   20 20 20 20 20
	   2A 2A 20 20 20
	   20 00
 0000065D 2A 20 20 20 20	    level1opt3 db "*     *        * *    *      *          **    ",0
	   20 2A 20 20 20
	   20 20 20 20 20
	   2A 20 2A 20 20
	   20 20 2A 20 20
	   20 20 20 20 2A
	   20 20 20 20 20
	   20 20 20 20 20
	   2A 2A 20 20 20
	   20 00
 0000068C 2A 2A 2A 2A 2A	    level1opt4 db "***** *****     *     *****  *****      **    ",0
	   20 2A 2A 2A 2A
	   2A 20 20 20 20
	   20 2A 20 20 20
	   20 20 2A 2A 2A
	   2A 2A 20 20 2A
	   2A 2A 2A 2A 20
	   20 20 20 20 20
	   2A 2A 20 20 20
	   20 00

 000006BB 2A 20 20 20 20	    level2opt0 db "*     ***** *       * *****  *         *****  ",0
	   20 2A 2A 2A 2A
	   2A 20 2A 20 20
	   20 20 20 20 20
	   2A 20 2A 2A 2A
	   2A 2A 20 20 2A
	   20 20 20 20 20
	   20 20 20 20 2A
	   2A 2A 2A 2A 20
	   20 00
 000006EA 2A 20 20 20 20	    level2opt1 db "*     *      *     *  *      *             *  ",0
	   20 2A 20 20 20
	   20 20 20 2A 20
	   20 20 20 20 2A
	   20 20 2A 20 20
	   20 20 20 20 2A
	   20 20 20 20 20
	   20 20 20 20 20
	   20 20 20 2A 20
	   20 00
 00000719 2A 20 20 20 20	    level2opt2 db "*     *****   *   *   *****  *         *****  ",0
	   20 2A 2A 2A 2A
	   2A 20 20 20 2A
	   20 20 20 2A 20
	   20 20 2A 2A 2A
	   2A 2A 20 20 2A
	   20 20 20 20 20
	   20 20 20 20 2A
	   2A 2A 2A 2A 20
	   20 00
 00000748 2A 20 20 20 20	    level2opt3 db "*     *        * *    *      *         *      ",0
	   20 2A 20 20 20
	   20 20 20 20 20
	   2A 20 2A 20 20
	   20 20 2A 20 20
	   20 20 20 20 2A
	   20 20 20 20 20
	   20 20 20 20 2A
	   20 20 20 20 20
	   20 00
 00000777 2A 2A 2A 2A 2A	    level2opt4 db "***** *****     *     *****  *****     *****  ",0
	   20 2A 2A 2A 2A
	   2A 20 20 20 20
	   20 2A 20 20 20
	   20 20 2A 2A 2A
	   2A 2A 20 20 2A
	   2A 2A 2A 2A 20
	   20 20 20 20 2A
	   2A 2A 2A 2A 20
	   20 00

 000007A6 2A 20 20 20 20	    level3opt0 db "*     ***** *       * *****  *         *****  ",0
	   20 2A 2A 2A 2A
	   2A 20 2A 20 20
	   20 20 20 20 20
	   2A 20 2A 2A 2A
	   2A 2A 20 20 2A
	   20 20 20 20 20
	   20 20 20 20 2A
	   2A 2A 2A 2A 20
	   20 00
 000007D5 2A 20 20 20 20	    level3opt1 db "*     *      *     *  *      *             *  ",0
	   20 2A 20 20 20
	   20 20 20 2A 20
	   20 20 20 20 2A
	   20 20 2A 20 20
	   20 20 20 20 2A
	   20 20 20 20 20
	   20 20 20 20 20
	   20 20 20 2A 20
	   20 00
 00000804 2A 20 20 20 20	    level3opt2 db "*     *****   *   *   *****  *         *****  ",0
	   20 2A 2A 2A 2A
	   2A 20 20 20 2A
	   20 20 20 2A 20
	   20 20 2A 2A 2A
	   2A 2A 20 20 2A
	   20 20 20 20 20
	   20 20 20 20 2A
	   2A 2A 2A 2A 20
	   20 00
 00000833 2A 20 20 20 20	    level3opt3 db "*     *        * *    *      *             *  ",0
	   20 2A 20 20 20
	   20 20 20 20 20
	   2A 20 2A 20 20
	   20 20 2A 20 20
	   20 20 20 20 2A
	   20 20 20 20 20
	   20 20 20 20 20
	   20 20 20 2A 20
	   20 00
 00000862 2A 2A 2A 2A 2A	    level3opt4 db "***** *****     *     *****  *****     *****  ",0
	   20 2A 2A 2A 2A
	   2A 20 20 20 20
	   20 2A 20 20 20
	   20 20 2A 2A 2A
	   2A 2A 20 20 2A
	   2A 2A 2A 2A 20
	   20 20 20 20 2A
	   2A 2A 2A 2A 20
	   20 00

 00000891 20 45 6E 74 65	    leveloptchoose1 db " Enter you choice (1: Level 1, 2: Level 2 , 3: Level 3) ",0
	   72 20 79 6F 75
	   20 63 68 6F 69
	   63 65 20 28 31
	   3A 20 4C 65 76
	   65 6C 20 31 2C
	   20 32 3A 20 4C
	   65 76 65 6C 20
	   32 20 2C 20 33
	   3A 20 4C 65 76
	   65 6C 20 33 29
	   20 00
 000008CA 20 52 65 74 75	    leveloptchoose2 db " Return to Main Menu (press 4), Exit Game (press 5) ",0
	   72 6E 20 74 6F
	   20 4D 61 69 6E
	   20 4D 65 6E 75
	   20 28 70 72 65
	   73 73 20 34 29
	   2C 20 45 78 69
	   74 20 47 61 6D
	   65 20 28 70 72
	   65 73 73 20 35
	   29 20 00


 000008FF 20 20 20 20 20	    instruc1 db "                          INSTRUCTIONS                             ",0
	   20 20 20 20 20
	   20 20 20 20 20
	   20 20 20 20 20
	   20 20 20 20 20
	   20 49 4E 53 54
	   52 55 43 54 49
	   4F 4E 53 20 20
	   20 20 20 20 20
	   20 20 20 20 20
	   20 20 20 20 20
	   20 20 20 20 20
	   20 20 20 20 20
	   20 20 00
 00000943 5F 5F 5F 5F 5F	    instruc2 db "_______________________________________________________________________",0
	   5F 5F 5F 5F 5F
	   5F 5F 5F 5F 5F
	   5F 5F 5F 5F 5F
	   5F 5F 5F 5F 5F
	   5F 5F 5F 5F 5F
	   5F 5F 5F 5F 5F
	   5F 5F 5F 5F 5F
	   5F 5F 5F 5F 5F
	   5F 5F 5F 5F 5F
	   5F 5F 5F 5F 5F
	   5F 5F 5F 5F 5F
	   5F 5F 5F 5F 5F
	   5F 5F 5F 5F 5F
	   5F 00
 0000098B 2D 2D 2D 2D 2D	    instruc3 db "-----------------------------------------------------------------------",0
	   2D 2D 2D 2D 2D
	   2D 2D 2D 2D 2D
	   2D 2D 2D 2D 2D
	   2D 2D 2D 2D 2D
	   2D 2D 2D 2D 2D
	   2D 2D 2D 2D 2D
	   2D 2D 2D 2D 2D
	   2D 2D 2D 2D 2D
	   2D 2D 2D 2D 2D
	   2D 2D 2D 2D 2D
	   2D 2D 2D 2D 2D
	   2D 2D 2D 2D 2D
	   2D 2D 2D 2D 2D
	   2D 00
 000009D3 20 31 2E 20 54	    instruc4 db " 1. To earn points eat the pellets.",0
	   6F 20 65 61 72
	   6E 20 70 6F 69
	   6E 74 73 20 65
	   61 74 20 74 68
	   65 20 70 65 6C
	   6C 65 74 73 2E
	   00
 000009F7 20 32 2E 20 45	    instruc5 db " 2. Each pellet is worth one point.",0
	   61 63 68 20 70
	   65 6C 6C 65 74
	   20 69 73 20 77
	   6F 72 74 68 20
	   6F 6E 65 20 70
	   6F 69 6E 74 2E
	   00
 00000A1B 20 33 20 20 53	    instruc6 db " 3  Stay away from the ghosts, if one catches you, You lose a life.",0
	   74 61 79 20 61
	   77 61 79 20 66
	   72 6F 6D 20 74
	   68 65 20 67 68
	   6F 73 74 73 2C
	   20 69 66 20 6F
	   6E 65 20 63 61
	   74 63 68 65 73
	   20 79 6F 75 2C
	   20 59 6F 75 20
	   6C 6F 73 65 20
	   61 20 6C 69 66
	   65 2E 00
 00000A5F 20 34 2E 20 55	    instruc7 db " 4. Use W,A,S,D keys move up,down,left and right respectively.",0
	   73 65 20 57 2C
	   41 2C 53 2C 44
	   20 6B 65 79 73
	   20 6D 6F 76 65
	   20 75 70 2C 64
	   6F 77 6E 2C 6C
	   65 66 74 20 61
	   6E 64 20 72 69
	   67 68 74 20 72
	   65 73 70 65 63
	   74 69 76 65 6C
	   79 2E 00
 00000A9E 5F 5F 5F 5F 5F	    instruc8 db "________________________________________________________________________",0
	   5F 5F 5F 5F 5F
	   5F 5F 5F 5F 5F
	   5F 5F 5F 5F 5F
	   5F 5F 5F 5F 5F
	   5F 5F 5F 5F 5F
	   5F 5F 5F 5F 5F
	   5F 5F 5F 5F 5F
	   5F 5F 5F 5F 5F
	   5F 5F 5F 5F 5F
	   5F 5F 5F 5F 5F
	   5F 5F 5F 5F 5F
	   5F 5F 5F 5F 5F
	   5F 5F 5F 5F 5F
	   5F 5F 00
 00000AE7 2D 2D 2D 2D 2D	    instruc9 db "------------------------------------------------------------------------",0
	   2D 2D 2D 2D 2D
	   2D 2D 2D 2D 2D
	   2D 2D 2D 2D 2D
	   2D 2D 2D 2D 2D
	   2D 2D 2D 2D 2D
	   2D 2D 2D 2D 2D
	   2D 2D 2D 2D 2D
	   2D 2D 2D 2D 2D
	   2D 2D 2D 2D 2D
	   2D 2D 2D 2D 2D
	   2D 2D 2D 2D 2D
	   2D 2D 2D 2D 2D
	   2D 2D 2D 2D 2D
	   2D 2D 00

 00000B30 50 72 65 73 73	    instrucChoose db "Press 1 to return to menu, Press 2 to Exit Game: ",0
	   20 31 20 74 6F
	   20 72 65 74 75
	   72 6E 20 74 6F
	   20 6D 65 6E 75
	   2C 20 50 72 65
	   73 73 20 32 20
	   74 6F 20 45 78
	   69 74 20 47 61
	   6D 65 3A 20 00

 00000B62 20 20 20 20 20	    hsTitle0 db "        ______        _____  _____ ______ _____ _____ _____  ",0
	   20 20 20 5F 5F
	   5F 5F 5F 5F 20
	   20 20 20 20 20
	   20 20 5F 5F 5F
	   5F 5F 20 20 5F
	   5F 5F 5F 5F 20
	   5F 5F 5F 5F 5F
	   5F 20 5F 5F 5F
	   5F 5F 20 5F 5F
	   5F 5F 5F 20 5F
	   5F 5F 5F 5F 20
	   20 00
 00000BA0 7C 20 20 20 7C	    hsTitle1 db "|   | | |      |   |  |      |     |    | |   | |     |      ",0
	   20 7C 20 7C 20
	   20 20 20 20 20
	   7C 20 20 20 7C
	   20 20 7C 20 20
	   20 20 20 20 7C
	   20 20 20 20 20
	   7C 20 20 20 20
	   7C 20 7C 20 20
	   20 7C 20 7C 20
	   20 20 20 20 7C
	   20 20 20 20 20
	   20 00
 00000BDE 7C 5F 5F 5F 7C	    hsTitle2 db "|___| | |  ___ |___|  |____  |     |    | |___| |____ |____  ",0
	   20 7C 20 7C 20
	   20 5F 5F 5F 20
	   7C 5F 5F 5F 7C
	   20 20 7C 5F 5F
	   5F 5F 20 20 7C
	   20 20 20 20 20
	   7C 20 20 20 20
	   7C 20 7C 5F 5F
	   5F 7C 20 7C 5F
	   5F 5F 5F 20 7C
	   5F 5F 5F 5F 20
	   20 00
 00000C1C 7C 20 20 20 7C	    hsTitle3 db "|   | | |    | |   |       | |     |    | | \   |          | ",0
	   20 7C 20 7C 20
	   20 20 20 7C 20
	   7C 20 20 20 7C
	   20 20 20 20 20
	   20 20 7C 20 7C
	   20 20 20 20 20
	   7C 20 20 20 20
	   7C 20 7C 20 5C
	   20 20 20 7C 20
	   20 20 20 20 20
	   20 20 20 20 7C
	   20 00
 00000C5A 7C 20 20 20 7C	    hsTitle4 db "|   | | |____| |   |  _____| |____ |____| |  \  |____  ____| ",0
	   20 7C 20 7C 5F
	   5F 5F 5F 7C 20
	   7C 20 20 20 7C
	   20 20 5F 5F 5F
	   5F 5F 7C 20 7C
	   5F 5F 5F 5F 20
	   7C 5F 5F 5F 5F
	   7C 20 7C 20 20
	   5C 20 20 7C 5F
	   5F 5F 5F 20 20
	   5F 5F 5F 5F 7C
	   20 00

 00000C98 2E 2E 2E 47 41	    gamePause1 db "...GAME PAUSED...",0
	   4D 45 20 50 41
	   55 53 45 44 2E
	   2E 2E 00
 00000CAA 50 72 65 73 73	    gamePause2 db "Press 1: Resume Game",0
	   20 31 3A 20 52
	   65 73 75 6D 65
	   20 47 61 6D 65
	   00
 00000CBF 50 72 65 73 73	    gamePause3 db "Press 2: Go to Menu",0
	   20 32 3A 20 47
	   6F 20 74 6F 20
	   4D 65 6E 75 00
 00000CD3 50 72 65 73 73	    gamePause4 db "Press 3: Exit Game",0
	   20 33 3A 20 45
	   78 69 74 20 47
	   61 6D 65 00


				    ;yeh colors hain 
 = 00000004			    redTxt = red+(black*16);
 = 0000000E			    yellowTxt =yellow+(black*16);
 = 00000002			    greenTxt =green+ (black*16);
 = 00000001			    blueTxt =blue+ (black*16);
 = 0000000F			    whiteTxt =white+ (black *16);

 00000CE6 00			    userChoice db ?
 00000CE7 00			    temp db ?

 00000000			.code
 00000000			main proc
 00000000  E8 00000000 E	    call Clrscr
 00000005  E8 0000000C		    call WelcomeScreen
 0000000A  E8 0000013B		    call MenuScreen
				    
				    exit
 0000000F  6A 00	   *	    push   +000000000h
 00000011  E8 00000000 E   *	    call   ExitProcess
 00000016			main endp

				;-----------------------------------------------------
 00000016			WelcomeScreen proc

				    ; Red Color
 00000016  B8 00000004		    mov eax, redTxt
 0000001B  E8 00000000 E	    call SetTextColor

 00000020  B6 05		    mov dh,5
 00000022  B2 0C		    mov dl,12
 00000024  E8 00000000 E	    call Gotoxy
 00000029  BA 00000051 R	    mov edx, offset pmtitle1
 0000002E  E8 00000000 E	    call WriteString

 00000033  B6 06		    mov dh, 6
 00000035  B2 0C		    mov dl, 12
 00000037  E8 00000000 E	    call Gotoxy
 0000003C  BA 000000A3 R	    mov edx, offset pmtitle2
 00000041  E8 00000000 E	    call WriteString

 00000046  B6 07		    mov dh, 7
 00000048  B2 0C		    mov dl, 12
 0000004A  E8 00000000 E	    call Gotoxy
 0000004F  BA 000000F5 R	    mov edx, offset pmtitle3
 00000054  E8 00000000 E	    call WriteString

				    ; Blue Color
 00000059  B8 00000001		    mov eax, blueTxt
 0000005E  E8 00000000 E	    call SetTextColor

 00000063  B6 08		    mov dh, 8
 00000065  B2 0C		    mov dl, 12
 00000067  E8 00000000 E	    call Gotoxy
 0000006C  BA 00000147 R	    mov edx, offset pmtitle4
 00000071  E8 00000000 E	    call WriteString

 00000076  B6 09		    mov dh, 9
 00000078  B2 0C		    mov dl, 12
 0000007A  E8 00000000 E	    call Gotoxy
 0000007F  BA 00000199 R	    mov edx, offset pmtitle5
 00000084  E8 00000000 E	    call WriteString

 00000089  B6 0A		    mov dh, 10
 0000008B  B2 0C		    mov dl, 12
 0000008D  E8 00000000 E	    call Gotoxy
 00000092  BA 000001EB R	    mov edx, offset pmtitle6
 00000097  E8 00000000 E	    call WriteString

 0000009C  B6 0B		    mov dh, 11
 0000009E  B2 0C		    mov dl, 12
 000000A0  E8 00000000 E	    call Gotoxy
 000000A5  BA 0000023D R	    mov edx, offset pmtitle7
 000000AA  E8 00000000 E	    call WriteString

				    ; Green Color 
 000000AF  B8 00000002		    mov eax, greenTxt
 000000B4  E8 00000000 E	    call SetTextColor

 000000B9  B6 0C		    mov dh, 12
 000000BB  B2 0C		    mov dl, 12
 000000BD  E8 00000000 E	    call Gotoxy
 000000C2  BA 0000028F R	    mov edx, offset pmtitle8
 000000C7  E8 00000000 E	    call WriteString

 000000CC  B6 0D		    mov dh,13
 000000CE  B2 0C		    mov dl,12
 000000D0  E8 00000000 E	    call Gotoxy
 000000D5  BA 000002E1 R	    mov edx, offset pmtitle9
 000000DA  E8 00000000 E	    call WriteString

 000000DF  B6 0E		    mov dh, 14
 000000E1  B2 0C		    mov dl, 12
 000000E3  E8 00000000 E	    call Gotoxy
 000000E8  BA 00000333 R	    mov edx, offset pmtitle10
 000000ED  E8 00000000 E	    call WriteString

 000000F2  B6 0F		    mov dh, 15
 000000F4  B2 0C		    mov dl, 12
 000000F6  E8 00000000 E	    call Gotoxy
 000000FB  BA 00000385 R	    mov edx, offset pmtitle11
 00000100  E8 00000000 E	    call WriteString

				    
 00000105  B8 0000000E		    mov eax, yellowTxt
 0000010A  E8 00000000 E	    call SetTextColor

 0000010F  B6 13		    mov dh, 19
 00000111  B2 0C		    mov dl, 12
 00000113  E8 00000000 E	    call Gotoxy
 00000118  BA 0000000A R	    mov edx, offset inputName
 0000011D  E8 00000000 E	    call WriteString

				    ; asking for user input
 00000122  BA 0000001F R	    mov edx, offset userName
 00000127  B9 00000032		    mov ecx, lengthof userName
 0000012C  E8 00000000 E	    call ReadString

 00000131  B6 16		    mov dh, 22
 00000133  B2 0B		    mov dl,11
 00000135  E8 00000000 E	    call Gotoxy
 0000013A  BA 00000CE7 R	    mov edx, offset temp
 0000013F  E8 00000000 E	    call WaitMsg
 00000144  E8 00000000 E	    call Clrscr
 00000149  C3			    ret
 0000014A			WelcomeScreen endp


				;-----------------------------------------------------
 0000014A			MenuScreen proc

 0000014A  E8 00000000 E	    call Clrscr
				    
 0000014F  B8 00000001		    mov eax, blueTxt
 00000154  E8 00000000 E	    call SetTextColor
				    
 00000159  B6 05		    mov dh, 5
 0000015B  B2 1E		    mov dl, 30
 0000015D  E8 00000000 E	    call Gotoxy
 00000162  BA 000003D7 R	    mov edx, offset menutitle0
 00000167  E8 00000000 E	    call WriteString
				    
 0000016C  B6 06		    mov dh, 6
 0000016E  B2 1E		    mov dl, 30
 00000170  E8 00000000 E	    call Gotoxy
 00000175  BA 00000406 R	    mov edx, offset menutitle1
 0000017A  E8 00000000 E	    call WriteString
				    
 0000017F  B6 07		    mov dh, 7
 00000181  B2 1E		    mov dl, 30
 00000183  E8 00000000 E	    call Gotoxy
 00000188  BA 00000435 R	    mov edx, offset menutitle2
 0000018D  E8 00000000 E	    call WriteString
				    
 00000192  B6 08		    mov dh, 8
 00000194  B2 1E		    mov dl, 30
 00000196  E8 00000000 E	    call Gotoxy
 0000019B  BA 00000463 R	    mov edx, offset menutitle3
 000001A0  E8 00000000 E	    call WriteString
				    
 000001A5  B6 09		    mov dh, 9
 000001A7  B2 1E		    mov dl, 30
 000001A9  E8 00000000 E	    call Gotoxy
 000001AE  BA 00000492 R	    mov edx, offset menutitle4
 000001B3  E8 00000000 E	    call WriteString
				    
 000001B8  B6 0A		    mov dh, 10
 000001BA  B2 1E		    mov dl, 30
 000001BC  E8 00000000 E	    call Gotoxy
 000001C1  BA 000004C0 R	    mov edx, offset menutitle5
 000001C6  E8 00000000 E	    call WriteString
				    
				    ;menu options in green
 000001CB  B8 00000002		    mov eax, greenTxt
 000001D0  E8 00000000 E	    call SetTextColor
				    
 000001D5  B6 0D		    mov dh, 13
 000001D7  B2 23		    mov dl, 35
 000001D9  E8 00000000 E	    call Gotoxy
 000001DE  BA 000004EF R	    mov edx, offset menuopt0
 000001E3  E8 00000000 E	    call WriteString
				    
 000001E8  B6 0E		    mov dh, 14
 000001EA  B2 23		    mov dl, 35
 000001EC  E8 00000000 E	    call Gotoxy
 000001F1  BA 00000511 R	    mov edx, offset menuopt1
 000001F6  E8 00000000 E	    call WriteString
				    
 000001FB  B6 0F		    mov dh, 15
 000001FD  B2 23		    mov dl, 35
 000001FF  E8 00000000 E	    call Gotoxy
 00000204  BA 00000533 R	    mov edx, offset menuopt2
 00000209  E8 00000000 E	    call WriteString
				    
 0000020E  B6 10		    mov dh, 16
 00000210  B2 23		    mov dl, 35
 00000212  E8 00000000 E	    call Gotoxy
 00000217  BA 00000555 R	    mov edx, offset menuopt3
 0000021C  E8 00000000 E	    call WriteString
				    
 00000221  B6 11		    mov dh, 17
 00000223  B2 23		    mov dl, 35
 00000225  E8 00000000 E	    call Gotoxy
 0000022A  BA 00000577 R	    mov edx, offset menuopt4
 0000022F  E8 00000000 E	    call WriteString
				    
 00000234  B6 12		    mov dh, 18
 00000236  B2 23		    mov dl, 35
 00000238  E8 00000000 E	    call Gotoxy
 0000023D  BA 00000599 R	    mov edx, offset menuopt5
 00000242  E8 00000000 E	    call WriteString
				    
				    ; user choice
 00000247  B8 0000000F		    mov eax, whiteTxt
 0000024C  E8 00000000 E	    call SetTextColor
				    
 00000251  B6 14		    mov dh, 20
 00000253  B2 23		    mov dl, 35
 00000255  E8 00000000 E	    call Gotoxy
 0000025A  BA 000005BB R	    mov edx, offset menuoptchoose
 0000025F  E8 00000000 E	    call WriteString
				    
 00000264  E8 00000000 E	    call ReadInt
 00000269  A2 00000CE6 R	    mov userChoice, al
				    
				  
 0000026E  80 3D 00000CE6 R	    cmp userChoice, 1
	   01
 00000275  74 20		    je LevelSelection
 00000277  80 3D 00000CE6 R	    cmp userChoice, 2
	   02
 0000027E  74 21		    je ShowInstructions
 00000280  80 3D 00000CE6 R	    cmp userChoice, 3
	   03
 00000287  74 22		    je ShowHighscores
 00000289  80 3D 00000CE6 R	    cmp userChoice, 4
	   04
 00000290  74 23		    je ExitGame
				    
				    ;if user ghalat option then go to menu (already udhr he)
 00000292  E9 FFFFFEB3		    jmp MenuScreen
				    
 00000297			LevelSelection:
 00000297  E8 00000025		    call LevelSelectScreen
 0000029C  E9 FFFFFEA9		    jmp MenuScreen
				    
 000002A1			ShowInstructions:
 000002A1  E8 000001A4		    call InstructionsScreen
 000002A6  E9 FFFFFE9F		    jmp MenuScreen
				    
 000002AB			ShowHighscores:
 000002AB  E8 0000026F		    call HighscoresScreen
 000002B0  E9 FFFFFE95		    jmp MenuScreen
				    
 000002B5			ExitGame:
 000002B5  E8 00000000 E	    call Clrscr
				    exit
 000002BA  6A 00	   *	    push   +000000000h
 000002BC  E8 00000000 E   *	    call   ExitProcess
 000002C1			MenuScreen endp

				;-----------------------------------------------------
 000002C1			LevelSelectScreen proc

 000002C1  E8 00000000 E	    call Clrscr
				    
				    ; Display level selection title
 000002C6  B8 00000001		    mov eax, blueTxt
 000002CB  E8 00000000 E	    call SetTextColor
				    
				    
				    ; level options
 000002D0  B8 00000004		    mov eax, redTxt
 000002D5  E8 00000000 E	    call SetTextColor
				    
				    ; Level 1
 000002DA  B6 05		    mov dh, 5
 000002DC  B2 1E		    mov dl, 30
 000002DE  E8 00000000 E	    call Gotoxy
 000002E3  BA 000005D0 R	    mov edx, offset level1opt0
 000002E8  E8 00000000 E	    call WriteString
				    
 000002ED  B6 06		    mov dh, 6
 000002EF  B2 1E		    mov dl, 30
 000002F1  E8 00000000 E	    call Gotoxy
 000002F6  BA 000005FF R	    mov edx, offset level1opt1
 000002FB  E8 00000000 E	    call WriteString
				    
 00000300  B6 07		    mov dh, 7
 00000302  B2 1E		    mov dl, 30
 00000304  E8 00000000 E	    call Gotoxy
 00000309  BA 0000062E R	    mov edx, offset level1opt2
 0000030E  E8 00000000 E	    call WriteString
				    
 00000313  B6 08		    mov dh, 8
 00000315  B2 1E		    mov dl, 30
 00000317  E8 00000000 E	    call Gotoxy
 0000031C  BA 0000065D R	    mov edx, offset level1opt3
 00000321  E8 00000000 E	    call WriteString
				    
 00000326  B6 09		    mov dh, 9
 00000328  B2 1E		    mov dl, 30
 0000032A  E8 00000000 E	    call Gotoxy
 0000032F  BA 0000068C R	    mov edx, offset level1opt4
 00000334  E8 00000000 E	    call WriteString
				    
				    ; Level 2
 00000339  B6 0A		    mov dh, 10
 0000033B  B2 1E		    mov dl, 30
 0000033D  E8 00000000 E	    call Gotoxy
 00000342  BA 000006BB R	    mov edx, offset level2opt0
 00000347  E8 00000000 E	    call WriteString
				    
 0000034C  B6 0B		    mov dh, 11
 0000034E  B2 1E		    mov dl, 30
 00000350  E8 00000000 E	    call Gotoxy
 00000355  BA 000006EA R	    mov edx, offset level2opt1
 0000035A  E8 00000000 E	    call WriteString
				    
 0000035F  B6 0C		    mov dh, 12
 00000361  B2 1E		    mov dl, 30
 00000363  E8 00000000 E	    call Gotoxy
 00000368  BA 00000719 R	    mov edx, offset level2opt2
 0000036D  E8 00000000 E	    call WriteString
				    
 00000372  B6 0D		    mov dh, 13
 00000374  B2 1E		    mov dl, 30
 00000376  E8 00000000 E	    call Gotoxy
 0000037B  BA 00000748 R	    mov edx, offset level2opt3
 00000380  E8 00000000 E	    call WriteString
				    
 00000385  B6 0E		    mov dh, 14
 00000387  B2 1E		    mov dl, 30
 00000389  E8 00000000 E	    call Gotoxy
 0000038E  BA 00000777 R	    mov edx, offset level2opt4
 00000393  E8 00000000 E	    call WriteString
				    
				    ; Level 3
 00000398  B6 0F		    mov dh, 15
 0000039A  B2 1E		    mov dl, 30
 0000039C  E8 00000000 E	    call Gotoxy
 000003A1  BA 000007A6 R	    mov edx, offset level3opt0
 000003A6  E8 00000000 E	    call WriteString
				    
 000003AB  B6 10		    mov dh, 16
 000003AD  B2 1E		    mov dl, 30
 000003AF  E8 00000000 E	    call Gotoxy
 000003B4  BA 000007D5 R	    mov edx, offset level3opt1
 000003B9  E8 00000000 E	    call WriteString
				    
 000003BE  B6 11		    mov dh, 17
 000003C0  B2 1E		    mov dl, 30
 000003C2  E8 00000000 E	    call Gotoxy
 000003C7  BA 00000804 R	    mov edx, offset level3opt2
 000003CC  E8 00000000 E	    call WriteString
				    
 000003D1  B6 12		    mov dh, 18
 000003D3  B2 1E		    mov dl, 30
 000003D5  E8 00000000 E	    call Gotoxy
 000003DA  BA 00000833 R	    mov edx, offset level3opt3
 000003DF  E8 00000000 E	    call WriteString
				    
 000003E4  B6 13		    mov dh, 19
 000003E6  B2 1E		    mov dl, 30
 000003E8  E8 00000000 E	    call Gotoxy
 000003ED  BA 00000862 R	    mov edx, offset level3opt4
 000003F2  E8 00000000 E	    call WriteString
				    
				    ;user choice
 000003F7  B8 0000000F		    mov eax, whiteTxt
 000003FC  E8 00000000 E	    call SetTextColor
				    
 00000401  B6 16		    mov dh, 22
 00000403  B2 14		    mov dl, 20
 00000405  E8 00000000 E	    call Gotoxy
 0000040A  BA 00000891 R	    mov edx, offset leveloptchoose1
 0000040F  E8 00000000 E	    call WriteString
				    
 00000414  B6 17		    mov dh, 23
 00000416  B2 14		    mov dl, 20
 00000418  E8 00000000 E	    call Gotoxy
 0000041D  BA 000008CA R	    mov edx, offset leveloptchoose2
 00000422  E8 00000000 E	    call WriteString
				    
 00000427  B6 18		    mov dh, 24
 00000429  B2 14		    mov dl, 20
 0000042B  E8 00000000 E	    call Gotoxy
 00000430  E8 00000000 E	    call ReadInt
				    
				    ; Processing choice made
 00000435  3C 04		    cmp al, 4
 00000437  74 04		    je ReturnToMenu
 00000439  3C 05		    cmp al, 5
 0000043B  74 01		    je ExitGame
				    
				    ; Here you would normally start the selected level
				    ; For now, just return to menu
 0000043D			ReturnToMenu:
 0000043D  C3			    ret
				    
 0000043E			ExitGame:
 0000043E  E8 00000000 E	    call Clrscr
				    exit
 00000443  6A 00	   *	    push   +000000000h
 00000445  E8 00000000 E   *	    call   ExitProcess
 0000044A			LevelSelectScreen endp

				;-----------------------------------------------------
 0000044A			InstructionsScreen proc
 0000044A  E8 00000000 E	    call Clrscr
				    
				    ; Display instructions title
 0000044F  B8 00000001		    mov eax, blueTxt
 00000454  E8 00000000 E	    call SetTextColor
				    
 00000459  B6 05		    mov dh, 5
 0000045B  B2 0F		    mov dl, 15
 0000045D  E8 00000000 E	    call Gotoxy
 00000462  BA 000008FF R	    mov edx, offset instruc1
 00000467  E8 00000000 E	    call WriteString
				    
 0000046C  B6 06		    mov dh, 6
 0000046E  B2 0F		    mov dl, 15
 00000470  E8 00000000 E	    call Gotoxy
 00000475  BA 00000943 R	    mov edx, offset instruc2
 0000047A  E8 00000000 E	    call WriteString
				    
				    ; Display instructions text
 0000047F  B8 00000002		    mov eax, greenTxt
 00000484  E8 00000000 E	    call SetTextColor
				    
 00000489  B6 08		    mov dh, 8
 0000048B  B2 0F		    mov dl, 15
 0000048D  E8 00000000 E	    call Gotoxy
 00000492  BA 000009D3 R	    mov edx, offset instruc4
 00000497  E8 00000000 E	    call WriteString
				    
 0000049C  B6 09		    mov dh, 9
 0000049E  B2 0F		    mov dl, 15
 000004A0  E8 00000000 E	    call Gotoxy
 000004A5  BA 000009F7 R	    mov edx, offset instruc5
 000004AA  E8 00000000 E	    call WriteString
				    
 000004AF  B6 0A		    mov dh, 10
 000004B1  B2 0F		    mov dl, 15
 000004B3  E8 00000000 E	    call Gotoxy
 000004B8  BA 00000A1B R	    mov edx, offset instruc6
 000004BD  E8 00000000 E	    call WriteString
				    
 000004C2  B6 0B		    mov dh, 11
 000004C4  B2 0F		    mov dl, 15
 000004C6  E8 00000000 E	    call Gotoxy
 000004CB  BA 00000A5F R	    mov edx, offset instruc7
 000004D0  E8 00000000 E	    call WriteString
				    
 000004D5  B6 0C		    mov dh, 12
 000004D7  B2 0F		    mov dl, 15
 000004D9  E8 00000000 E	    call Gotoxy
 000004DE  BA 00000A9E R	    mov edx, offset instruc8
 000004E3  E8 00000000 E	    call WriteString
				    
				    ; Get user choice
 000004E8  B8 0000000F		    mov eax, whiteTxt
 000004ED  E8 00000000 E	    call SetTextColor
				    
 000004F2  B6 0E		    mov dh, 14
 000004F4  B2 0F		    mov dl, 15
 000004F6  E8 00000000 E	    call Gotoxy
 000004FB  BA 00000B30 R	    mov edx, offset instrucChoose
 00000500  E8 00000000 E	    call WriteString
				    
 00000505  E8 00000000 E	    call ReadInt
				    
				    ; Process choice
 0000050A  3C 01		    cmp al, 1
 0000050C  74 04		    je ReturnToMenu
 0000050E  3C 02		    cmp al, 2
 00000510  74 01		    je ExitGame
				    
 00000512			ReturnToMenu:
 00000512  C3			    ret
				    
 00000513			ExitGame:
 00000513  E8 00000000 E	    call Clrscr
				    exit
 00000518  6A 00	   *	    push   +000000000h
 0000051A  E8 00000000 E   *	    call   ExitProcess
 0000051F			InstructionsScreen endp

				;-----------------------------------------------------
 0000051F			HighscoresScreen proc

 0000051F  E8 00000000 E	    call Clrscr
				    

 00000524  B8 0000000E		    mov eax, yellowTxt
 00000529  E8 00000000 E	    call SetTextColor
				    
 0000052E  B6 05		    mov dh, 5
 00000530  B2 14		    mov dl, 20
 00000532  E8 00000000 E	    call Gotoxy
 00000537  BA 00000B62 R	    mov edx, offset hsTitle0
 0000053C  E8 00000000 E	    call WriteString
				    
 00000541  B6 06		    mov dh, 6
 00000543  B2 14		    mov dl, 20
 00000545  E8 00000000 E	    call Gotoxy
 0000054A  BA 00000BA0 R	    mov edx, offset hsTitle1
 0000054F  E8 00000000 E	    call WriteString
				    
 00000554  B6 07		    mov dh, 7
 00000556  B2 14		    mov dl, 20
 00000558  E8 00000000 E	    call Gotoxy
 0000055D  BA 00000BDE R	    mov edx, offset hsTitle2
 00000562  E8 00000000 E	    call WriteString
				    
 00000567  B6 08		    mov dh, 8
 00000569  B2 14		    mov dl, 20
 0000056B  E8 00000000 E	    call Gotoxy
 00000570  BA 00000C1C R	    mov edx, offset hsTitle3
 00000575  E8 00000000 E	    call WriteString
				    
 0000057A  B6 09		    mov dh, 9
 0000057C  B2 14		    mov dl, 20
 0000057E  E8 00000000 E	    call Gotoxy
 00000583  BA 00000C5A R	    mov edx, offset hsTitle4
 00000588  E8 00000000 E	    call WriteString
				    
				    ; Here you would normally display the actual high scores
				    ; For now, just display a message
 0000058D  B8 0000000F		    mov eax, whiteTxt
 00000592  E8 00000000 E	    call SetTextColor
				    
 00000597  B6 0C		    mov dh, 12
 00000599  B2 1E		    mov dl, 30
 0000059B  E8 00000000 E	    call Gotoxy
 000005A0  BA 00000B30 R	    mov edx, offset instrucChoose
 000005A5  E8 00000000 E	    call WriteString
				    
 000005AA  E8 00000000 E	    call ReadInt
				    
				    ; Any key returns to menu
 000005AF  C3			    ret
 000005B0			HighscoresScreen endp

				end main
Microsoft (R) Macro Assembler Version 14.42.34436.0	    05/11/25 13:58:54
CODE.asm						     Symbols 2 - 1




Structures and Unions:

                N a m e                  Size
                                         Offset      Type

CONSOLE_CURSOR_INFO  . . . . . .	 00000008
  dwSize . . . . . . . . . . . .	 00000000	 DWord
  bVisible . . . . . . . . . . .	 00000004	 DWord
CONSOLE_SCREEN_BUFFER_INFO . . .	 00000016
  dwSize . . . . . . . . . . . .	 00000000	 DWord
  dwCursorPosition . . . . . . .	 00000004	 DWord
  wAttributes  . . . . . . . . .	 00000008	 Word
  srWindow . . . . . . . . . . .	 0000000A	 QWord
  dwMaximumWindowSize  . . . . .	 00000012	 DWord
COORD  . . . . . . . . . . . . .	 00000004
  X  . . . . . . . . . . . . . .	 00000000	 Word
  Y  . . . . . . . . . . . . . .	 00000002	 Word
FILETIME . . . . . . . . . . . .	 00000008
  loDateTime . . . . . . . . . .	 00000000	 DWord
  hiDateTime . . . . . . . . . .	 00000004	 DWord
FOCUS_EVENT_RECORD . . . . . . .	 00000004
  bSetFocus  . . . . . . . . . .	 00000000	 DWord
FPU_ENVIRON  . . . . . . . . . .	 0000001C
  controlWord  . . . . . . . . .	 00000000	 Word
  statusWord . . . . . . . . . .	 00000004	 Word
  tagWord  . . . . . . . . . . .	 00000008	 Word
  instrPointerOffset . . . . . .	 0000000C	 DWord
  instrPointerSelector . . . . .	 00000010	 DWord
  operandPointerOffset . . . . .	 00000014	 DWord
  operandPointerSelector . . . .	 00000018	 Word
INPUT_RECORD . . . . . . . . . .	 00000014
  EventType  . . . . . . . . . .	 00000000	 Word
  Event  . . . . . . . . . . . .	 00000004	 XmmWord
  bKeyDown . . . . . . . . . . .	 00000000	 DWord
  wRepeatCount . . . . . . . . .	 00000004	 Word
  wVirtualKeyCode  . . . . . . .	 00000006	 Word
  wVirtualScanCode . . . . . . .	 00000008	 Word
  uChar  . . . . . . . . . . . .	 0000000A	 Word
  UnicodeChar  . . . . . . . . .	 00000000	 Word
  AsciiChar  . . . . . . . . . .	 00000000	 Byte
  dwControlKeyState  . . . . . .	 0000000C	 DWord
  dwMousePosition  . . . . . . .	 00000000	 DWord
  dwButtonState  . . . . . . . .	 00000004	 DWord
  dwMouseControlKeyState . . . .	 00000008	 DWord
  dwEventFlags . . . . . . . . .	 0000000C	 DWord
  dwSize . . . . . . . . . . . .	 00000000	 DWord
  dwCommandId  . . . . . . . . .	 00000000	 DWord
  bSetFocus  . . . . . . . . . .	 00000000	 DWord
KEY_EVENT_RECORD . . . . . . . .	 00000010
  bKeyDown . . . . . . . . . . .	 00000000	 DWord
  wRepeatCount . . . . . . . . .	 00000004	 Word
  wVirtualKeyCode  . . . . . . .	 00000006	 Word
  wVirtualScanCode . . . . . . .	 00000008	 Word
  uChar  . . . . . . . . . . . .	 0000000A	 Word
  UnicodeChar  . . . . . . . . .	 00000000	 Word
  AsciiChar  . . . . . . . . . .	 00000000	 Byte
  dwControlKeyState  . . . . . .	 0000000C	 DWord
MENU_EVENT_RECORD  . . . . . . .	 00000004
  dwCommandId  . . . . . . . . .	 00000000	 DWord
MOUSE_EVENT_RECORD . . . . . . .	 00000010
  dwMousePosition  . . . . . . .	 00000000	 DWord
  dwButtonState  . . . . . . . .	 00000004	 DWord
  dwMouseControlKeyState . . . .	 00000008	 DWord
  dwEventFlags . . . . . . . . .	 0000000C	 DWord
SMALL_RECT . . . . . . . . . . .	 00000008
  Left . . . . . . . . . . . . .	 00000000	 Word
  Top  . . . . . . . . . . . . .	 00000002	 Word
  Right  . . . . . . . . . . . .	 00000004	 Word
  Bottom . . . . . . . . . . . .	 00000006	 Word
SYSTEMTIME . . . . . . . . . . .	 00000010
  wYear  . . . . . . . . . . . .	 00000000	 Word
  wMonth . . . . . . . . . . . .	 00000002	 Word
  wDayOfWeek . . . . . . . . . .	 00000004	 Word
  wDay . . . . . . . . . . . . .	 00000006	 Word
  wHour  . . . . . . . . . . . .	 00000008	 Word
  wMinute  . . . . . . . . . . .	 0000000A	 Word
  wSecond  . . . . . . . . . . .	 0000000C	 Word
  wMilliseconds  . . . . . . . .	 0000000E	 Word
WINDOW_BUFFER_SIZE_RECORD  . . .	 00000004
  dwSize . . . . . . . . . . . .	 00000000	 DWord


Segments and Groups:

                N a m e                 Size     Length   Align   Combine Class

FLAT . . . . . . . . . . . . . .	GROUP
STACK  . . . . . . . . . . . . .	32 Bit	 00001000 Para	  Stack	  'STACK'	 
_DATA  . . . . . . . . . . . . .	32 Bit	 00000CE8 Para	  Public  'DATA'	
_TEXT  . . . . . . . . . . . . .	32 Bit	 000005B0 Para	  Public  'CODE'	


Procedures, parameters, and locals:

                N a m e                 Type     Value    Attr

CloseFile  . . . . . . . . . . .	P Near	 00000000 FLAT	Length= 00000000 External STDCALL
CloseHandle  . . . . . . . . . .	P Near	 00000000 FLAT	Length= 00000000 External STDCALL
Clrscr . . . . . . . . . . . . .	P Near	 00000000 FLAT	Length= 00000000 External STDCALL
CreateFileA  . . . . . . . . . .	P Near	 00000000 FLAT	Length= 00000000 External STDCALL
CreateOutputFile . . . . . . . .	P Near	 00000000 FLAT	Length= 00000000 External STDCALL
Crlf . . . . . . . . . . . . . .	P Near	 00000000 FLAT	Length= 00000000 External STDCALL
Delay  . . . . . . . . . . . . .	P Near	 00000000 FLAT	Length= 00000000 External STDCALL
DumpMem  . . . . . . . . . . . .	P Near	 00000000 FLAT	Length= 00000000 External STDCALL
DumpRegs . . . . . . . . . . . .	P Near	 00000000 FLAT	Length= 00000000 External STDCALL
ExitProcess  . . . . . . . . . .	P Near	 00000000 FLAT	Length= 00000000 External STDCALL
FileTimeToDosDateTime  . . . . .	P Near	 00000000 FLAT	Length= 00000000 External STDCALL
FileTimeToSystemTime . . . . . .	P Near	 00000000 FLAT	Length= 00000000 External STDCALL
FlushConsoleInputBuffer  . . . .	P Near	 00000000 FLAT	Length= 00000000 External STDCALL
FormatMessageA . . . . . . . . .	P Near	 00000000 FLAT	Length= 00000000 External STDCALL
GetCommandLineA  . . . . . . . .	P Near	 00000000 FLAT	Length= 00000000 External STDCALL
GetCommandTail . . . . . . . . .	P Near	 00000000 FLAT	Length= 00000000 External STDCALL
GetConsoleCP . . . . . . . . . .	P Near	 00000000 FLAT	Length= 00000000 External STDCALL
GetConsoleCursorInfo . . . . . .	P Near	 00000000 FLAT	Length= 00000000 External STDCALL
GetConsoleMode . . . . . . . . .	P Near	 00000000 FLAT	Length= 00000000 External STDCALL
GetConsoleScreenBufferInfo . . .	P Near	 00000000 FLAT	Length= 00000000 External STDCALL
GetDateTime  . . . . . . . . . .	P Near	 00000000 FLAT	Length= 00000000 External STDCALL
GetFileTime  . . . . . . . . . .	P Near	 00000000 FLAT	Length= 00000000 External STDCALL
GetKeyState  . . . . . . . . . .	P Near	 00000000 FLAT	Length= 00000000 External STDCALL
GetLastError . . . . . . . . . .	P Near	 00000000 FLAT	Length= 00000000 External STDCALL
GetLocalTime . . . . . . . . . .	P Near	 00000000 FLAT	Length= 00000000 External STDCALL
GetMaxXY . . . . . . . . . . . .	P Near	 00000000 FLAT	Length= 00000000 External STDCALL
GetMseconds  . . . . . . . . . .	P Near	 00000000 FLAT	Length= 00000000 External STDCALL
GetNumberOfConsoleInputEvents  .	P Near	 00000000 FLAT	Length= 00000000 External STDCALL
GetProcessHeap . . . . . . . . .	P Near	 00000000 FLAT	Length= 00000000 External STDCALL
GetStdHandle . . . . . . . . . .	P Near	 00000000 FLAT	Length= 00000000 External STDCALL
GetSystemTime  . . . . . . . . .	P Near	 00000000 FLAT	Length= 00000000 External STDCALL
GetTextColor . . . . . . . . . .	P Near	 00000000 FLAT	Length= 00000000 External STDCALL
GetTickCount . . . . . . . . . .	P Near	 00000000 FLAT	Length= 00000000 External STDCALL
Gotoxy . . . . . . . . . . . . .	P Near	 00000000 FLAT	Length= 00000000 External STDCALL
HeapAlloc  . . . . . . . . . . .	P Near	 00000000 FLAT	Length= 00000000 External STDCALL
HeapCreate . . . . . . . . . . .	P Near	 00000000 FLAT	Length= 00000000 External STDCALL
HeapDestroy  . . . . . . . . . .	P Near	 00000000 FLAT	Length= 00000000 External STDCALL
HeapFree . . . . . . . . . . . .	P Near	 00000000 FLAT	Length= 00000000 External STDCALL
HeapSize . . . . . . . . . . . .	P Near	 00000000 FLAT	Length= 00000000 External STDCALL
HighscoresScreen . . . . . . . .	P Near	 0000051F _TEXT	Length= 00000091 Public STDCALL
InstructionsScreen . . . . . . .	P Near	 0000044A _TEXT	Length= 000000D5 Public STDCALL
  ReturnToMenu . . . . . . . . .	L Near	 00000512 _TEXT	
  ExitGame . . . . . . . . . . .	L Near	 00000513 _TEXT	
IsDigit  . . . . . . . . . . . .	P Near	 00000000 FLAT	Length= 00000000 External STDCALL
LevelSelectScreen  . . . . . . .	P Near	 000002C1 _TEXT	Length= 00000189 Public STDCALL
  ReturnToMenu . . . . . . . . .	L Near	 0000043D _TEXT	
  ExitGame . . . . . . . . . . .	L Near	 0000043E _TEXT	
LocalFree  . . . . . . . . . . .	P Near	 00000000 FLAT	Length= 00000000 External STDCALL
MenuScreen . . . . . . . . . . .	P Near	 0000014A _TEXT	Length= 00000177 Public STDCALL
  LevelSelection . . . . . . . .	L Near	 00000297 _TEXT	
  ShowInstructions . . . . . . .	L Near	 000002A1 _TEXT	
  ShowHighscores . . . . . . . .	L Near	 000002AB _TEXT	
  ExitGame . . . . . . . . . . .	L Near	 000002B5 _TEXT	
MessageBoxA  . . . . . . . . . .	P Near	 00000000 FLAT	Length= 00000000 External STDCALL
MsgBoxAsk  . . . . . . . . . . .	P Near	 00000000 FLAT	Length= 00000000 External STDCALL
MsgBox . . . . . . . . . . . . .	P Near	 00000000 FLAT	Length= 00000000 External STDCALL
OpenInputFile  . . . . . . . . .	P Near	 00000000 FLAT	Length= 00000000 External STDCALL
ParseDecimal32 . . . . . . . . .	P Near	 00000000 FLAT	Length= 00000000 External STDCALL
ParseInteger32 . . . . . . . . .	P Near	 00000000 FLAT	Length= 00000000 External STDCALL
PeekConsoleInputA  . . . . . . .	P Near	 00000000 FLAT	Length= 00000000 External STDCALL
Random32 . . . . . . . . . . . .	P Near	 00000000 FLAT	Length= 00000000 External STDCALL
RandomRange  . . . . . . . . . .	P Near	 00000000 FLAT	Length= 00000000 External STDCALL
Randomize  . . . . . . . . . . .	P Near	 00000000 FLAT	Length= 00000000 External STDCALL
ReadChar . . . . . . . . . . . .	P Near	 00000000 FLAT	Length= 00000000 External STDCALL
ReadConsoleA . . . . . . . . . .	P Near	 00000000 FLAT	Length= 00000000 External STDCALL
ReadConsoleInputA  . . . . . . .	P Near	 00000000 FLAT	Length= 00000000 External STDCALL
ReadDec  . . . . . . . . . . . .	P Near	 00000000 FLAT	Length= 00000000 External STDCALL
ReadFile . . . . . . . . . . . .	P Near	 00000000 FLAT	Length= 00000000 External STDCALL
ReadFloat  . . . . . . . . . . .	P Near	 00000000 FLAT	Length= 00000000 External STDCALL
ReadFromFile . . . . . . . . . .	P Near	 00000000 FLAT	Length= 00000000 External STDCALL
ReadHex  . . . . . . . . . . . .	P Near	 00000000 FLAT	Length= 00000000 External STDCALL
ReadInt  . . . . . . . . . . . .	P Near	 00000000 FLAT	Length= 00000000 External STDCALL
ReadKeyFlush . . . . . . . . . .	P Near	 00000000 FLAT	Length= 00000000 External STDCALL
ReadKey  . . . . . . . . . . . .	P Near	 00000000 FLAT	Length= 00000000 External STDCALL
ReadString . . . . . . . . . . .	P Near	 00000000 FLAT	Length= 00000000 External STDCALL
SetConsoleCursorInfo . . . . . .	P Near	 00000000 FLAT	Length= 00000000 External STDCALL
SetConsoleCursorPosition . . . .	P Near	 00000000 FLAT	Length= 00000000 External STDCALL
SetConsoleMode . . . . . . . . .	P Near	 00000000 FLAT	Length= 00000000 External STDCALL
SetConsoleScreenBufferSize . . .	P Near	 00000000 FLAT	Length= 00000000 External STDCALL
SetConsoleTextAttribute  . . . .	P Near	 00000000 FLAT	Length= 00000000 External STDCALL
SetConsoleTitleA . . . . . . . .	P Near	 00000000 FLAT	Length= 00000000 External STDCALL
SetConsoleWindowInfo . . . . . .	P Near	 00000000 FLAT	Length= 00000000 External STDCALL
SetFilePointer . . . . . . . . .	P Near	 00000000 FLAT	Length= 00000000 External STDCALL
SetLocalTime . . . . . . . . . .	P Near	 00000000 FLAT	Length= 00000000 External STDCALL
SetTextColor . . . . . . . . . .	P Near	 00000000 FLAT	Length= 00000000 External STDCALL
ShowFPUStack . . . . . . . . . .	P Near	 00000000 FLAT	Length= 00000000 External STDCALL
Sleep  . . . . . . . . . . . . .	P Near	 00000000 FLAT	Length= 00000000 External STDCALL
StrLength  . . . . . . . . . . .	P Near	 00000000 FLAT	Length= 00000000 External STDCALL
Str_compare  . . . . . . . . . .	P Near	 00000000 FLAT	Length= 00000000 External STDCALL
Str_copy . . . . . . . . . . . .	P Near	 00000000 FLAT	Length= 00000000 External STDCALL
Str_length . . . . . . . . . . .	P Near	 00000000 FLAT	Length= 00000000 External STDCALL
Str_trim . . . . . . . . . . . .	P Near	 00000000 FLAT	Length= 00000000 External STDCALL
Str_ucase  . . . . . . . . . . .	P Near	 00000000 FLAT	Length= 00000000 External STDCALL
SystemTimeToFileTime . . . . . .	P Near	 00000000 FLAT	Length= 00000000 External STDCALL
WaitMsg  . . . . . . . . . . . .	P Near	 00000000 FLAT	Length= 00000000 External STDCALL
WelcomeScreen  . . . . . . . . .	P Near	 00000016 _TEXT	Length= 00000134 Public STDCALL
WriteBinB  . . . . . . . . . . .	P Near	 00000000 FLAT	Length= 00000000 External STDCALL
WriteBin . . . . . . . . . . . .	P Near	 00000000 FLAT	Length= 00000000 External STDCALL
WriteChar  . . . . . . . . . . .	P Near	 00000000 FLAT	Length= 00000000 External STDCALL
WriteConsoleA  . . . . . . . . .	P Near	 00000000 FLAT	Length= 00000000 External STDCALL
WriteConsoleOutputAttribute  . .	P Near	 00000000 FLAT	Length= 00000000 External STDCALL
WriteConsoleOutputCharacterA . .	P Near	 00000000 FLAT	Length= 00000000 External STDCALL
WriteDec . . . . . . . . . . . .	P Near	 00000000 FLAT	Length= 00000000 External STDCALL
WriteFile  . . . . . . . . . . .	P Near	 00000000 FLAT	Length= 00000000 External STDCALL
WriteFloat . . . . . . . . . . .	P Near	 00000000 FLAT	Length= 00000000 External STDCALL
WriteHexB  . . . . . . . . . . .	P Near	 00000000 FLAT	Length= 00000000 External STDCALL
WriteHex . . . . . . . . . . . .	P Near	 00000000 FLAT	Length= 00000000 External STDCALL
WriteInt . . . . . . . . . . . .	P Near	 00000000 FLAT	Length= 00000000 External STDCALL
WriteStackFrameName  . . . . . .	P Near	 00000000 FLAT	Length= 00000000 External STDCALL
WriteStackFrame  . . . . . . . .	P Near	 00000000 FLAT	Length= 00000000 External STDCALL
WriteString  . . . . . . . . . .	P Near	 00000000 FLAT	Length= 00000000 External STDCALL
WriteToFile  . . . . . . . . . .	P Near	 00000000 FLAT	Length= 00000000 External STDCALL
WriteWindowsMsg  . . . . . . . .	P Near	 00000000 FLAT	Length= 00000000 External STDCALL
main . . . . . . . . . . . . . .	P Near	 00000000 _TEXT	Length= 00000016 Public STDCALL
printf . . . . . . . . . . . . .	P Near	 00000000 FLAT	Length= 00000000 External C
scanf  . . . . . . . . . . . . .	P Near	 00000000 FLAT	Length= 00000000 External C
wsprintfA  . . . . . . . . . . .	P Near	 00000000 FLAT	Length= 00000000 External C


Symbols:

                N a m e                 Type     Value    Attr

@CodeSize  . . . . . . . . . . .	Number	 00000000h   
@DataSize  . . . . . . . . . . .	Number	 00000000h   
@Interface . . . . . . . . . . .	Number	 00000003h   
@Model . . . . . . . . . . . . .	Number	 00000007h   
@code  . . . . . . . . . . . . .	Text   	 _TEXT
@data  . . . . . . . . . . . . .	Text   	 FLAT
@fardata?  . . . . . . . . . . .	Text   	 FLAT
@fardata . . . . . . . . . . . .	Text   	 FLAT
@stack . . . . . . . . . . . . .	Text   	 FLAT
ALT_MASK . . . . . . . . . . . .	Number	 00000003h   
CAPSLOCK_ON  . . . . . . . . . .	Number	 00000080h   
CREATE_ALWAYS  . . . . . . . . .	Number	 00000002h   
CREATE_NEW . . . . . . . . . . .	Number	 00000001h   
CTRL_MASK  . . . . . . . . . . .	Number	 0000000Ch   
CreateFile . . . . . . . . . . .	Text   	 CreateFileA
DO_NOT_SHARE . . . . . . . . . .	Number	 00000000h   
ENABLE_ECHO_INPUT  . . . . . . .	Number	 00000004h   
ENABLE_LINE_INPUT  . . . . . . .	Number	 00000002h   
ENABLE_MOUSE_INPUT . . . . . . .	Number	 00000010h   
ENABLE_PROCESSED_INPUT . . . . .	Number	 00000001h   
ENABLE_PROCESSED_OUTPUT  . . . .	Number	 00000001h   
ENABLE_WINDOW_INPUT  . . . . . .	Number	 00000008h   
ENABLE_WRAP_AT_EOL_OUTPUT  . . .	Number	 00000002h   
ENHANCED_KEY . . . . . . . . . .	Number	 00000100h   
FALSE  . . . . . . . . . . . . .	Number	 00000000h   
FILE_APPEND_DATA . . . . . . . .	Number	 00000004h   
FILE_ATTRIBUTE_ARCHIVE . . . . .	Number	 00000020h   
FILE_ATTRIBUTE_COMPRESSED  . . .	Number	 00000800h   
FILE_ATTRIBUTE_DEVICE  . . . . .	Number	 00000040h   
FILE_ATTRIBUTE_DIRECTORY . . . .	Number	 00000010h   
FILE_ATTRIBUTE_ENCRYPTED . . . .	Number	 00004000h   
FILE_ATTRIBUTE_HIDDEN  . . . . .	Number	 00000002h   
FILE_ATTRIBUTE_NORMAL  . . . . .	Number	 00000080h   
FILE_ATTRIBUTE_NOT_CONTENT_INDEXED .	Number	 00002000h   
FILE_ATTRIBUTE_OFFLINE . . . . .	Number	 00001000h   
FILE_ATTRIBUTE_READONLY  . . . .	Number	 00000001h   
FILE_ATTRIBUTE_REPARSE_POINT . .	Number	 00000400h   
FILE_ATTRIBUTE_SPARSE_FILE . . .	Number	 00000200h   
FILE_ATTRIBUTE_SYSTEM  . . . . .	Number	 00000004h   
FILE_ATTRIBUTE_TEMPORARY . . . .	Number	 00000100h   
FILE_BEGIN . . . . . . . . . . .	Number	 00000000h   
FILE_CURRENT . . . . . . . . . .	Number	 00000001h   
FILE_DELETE_CHILD  . . . . . . .	Number	 00000040h   
FILE_END . . . . . . . . . . . .	Number	 00000002h   
FILE_READ_DATA . . . . . . . . .	Number	 00000001h   
FILE_SHARE_DELETE  . . . . . . .	Number	 00000004h   
FILE_SHARE_READ  . . . . . . . .	Number	 00000001h   
FILE_SHARE_WRITE . . . . . . . .	Number	 00000002h   
FILE_WRITE_DATA  . . . . . . . .	Number	 00000002h   
FOCUS_EVENT  . . . . . . . . . .	Number	 00000010h   
FORMAT_MESSAGE_ALLOCATE_BUFFER .	Number	 00000100h   
FORMAT_MESSAGE_FROM_SYSTEM . . .	Number	 00001000h   
FormatMessage  . . . . . . . . .	Text   	 FormatMessageA
GENERIC_ALL  . . . . . . . . . .	Number	 10000000h   
GENERIC_EXECUTE  . . . . . . . .	Number	 20000000h   
GENERIC_READ . . . . . . . . . .	Number	 -80000000h   
GENERIC_WRITE  . . . . . . . . .	Number	 40000000h   
GetCommandLine . . . . . . . . .	Text   	 GetCommandLineA
HANDLE . . . . . . . . . . . . .	Text   	 DWORD
HEAP_GENERATE_EXCEPTIONS . . . .	Number	 00000004h   
HEAP_GROWABLE  . . . . . . . . .	Number	 00000002h   
HEAP_NO_SERIALIZE  . . . . . . .	Number	 00000001h   
HEAP_REALLOC_IN_PLACE_ONLY . . .	Number	 00000010h   
HEAP_ZERO_MEMORY . . . . . . . .	Number	 00000008h   
IDABORT  . . . . . . . . . . . .	Number	 00000003h   
IDCANCEL . . . . . . . . . . . .	Number	 00000002h   
IDCLOSE  . . . . . . . . . . . .	Number	 00000008h   
IDCONTINUE . . . . . . . . . . .	Number	 0000000Bh   
IDHELP . . . . . . . . . . . . .	Number	 00000009h   
IDIGNORE . . . . . . . . . . . .	Number	 00000005h   
IDNO . . . . . . . . . . . . . .	Number	 00000007h   
IDOK . . . . . . . . . . . . . .	Number	 00000001h   
IDRETRY  . . . . . . . . . . . .	Number	 00000004h   
IDTIMEOUT  . . . . . . . . . . .	Number	 00007D00h   
IDTRYAGAIN . . . . . . . . . . .	Number	 0000000Ah   
IDYES  . . . . . . . . . . . . .	Number	 00000006h   
INVALID_HANDLE_VALUE . . . . . .	Number	 -00000001h   
KBDOWN_FLAG  . . . . . . . . . .	Number	 00000001h   
KEY_EVENT  . . . . . . . . . . .	Number	 00000001h   
KEY_MASKS  . . . . . . . . . . .	Number	 0000001Fh   
LEFT_ALT_PRESSED . . . . . . . .	Number	 00000002h   
LEFT_CTRL_PRESSED  . . . . . . .	Number	 00000008h   
MB_ABORTRETRYIGNORE  . . . . . .	Number	 00000002h   
MB_APPLMODAL . . . . . . . . . .	Number	 00000000h   
MB_CANCELTRYCONTINUE . . . . . .	Number	 00000006h   
MB_DEFBUTTON1  . . . . . . . . .	Number	 00000000h   
MB_DEFBUTTON2  . . . . . . . . .	Number	 00000100h   
MB_DEFBUTTON3  . . . . . . . . .	Number	 00000200h   
MB_DEFBUTTON4  . . . . . . . . .	Number	 00000300h   
MB_HELP  . . . . . . . . . . . .	Number	 00004000h   
MB_ICONASTERISK  . . . . . . . .	Number	 00000040h   
MB_ICONERROR . . . . . . . . . .	Number	 00000010h   
MB_ICONEXCLAMATION . . . . . . .	Number	 00000030h   
MB_ICONHAND  . . . . . . . . . .	Number	 00000010h   
MB_ICONINFORMATION . . . . . . .	Number	 00000040h   
MB_ICONQUESTION  . . . . . . . .	Number	 00000020h   
MB_ICONSTOP  . . . . . . . . . .	Number	 00000010h   
MB_ICONWARNING . . . . . . . . .	Number	 00000030h   
MB_OKCANCEL  . . . . . . . . . .	Number	 00000001h   
MB_OK  . . . . . . . . . . . . .	Number	 00000000h   
MB_RETRYCANCEL . . . . . . . . .	Number	 00000005h   
MB_SYSTEMMODAL . . . . . . . . .	Number	 00001000h   
MB_TASKMODAL . . . . . . . . . .	Number	 00002000h   
MB_USERICON  . . . . . . . . . .	Number	 00000080h   
MB_YESNOCANCEL . . . . . . . . .	Number	 00000003h   
MB_YESNO . . . . . . . . . . . .	Number	 00000004h   
MENU_EVENT . . . . . . . . . . .	Number	 00000008h   
MOUSE_EVENT  . . . . . . . . . .	Number	 00000002h   
MessageBox . . . . . . . . . . .	Text   	 MessageBoxA
NULL . . . . . . . . . . . . . .	Number	 00000000h   
NUMLOCK_ON . . . . . . . . . . .	Number	 00000020h   
OPEN_ALWAYS  . . . . . . . . . .	Number	 00000004h   
OPEN_EXISTING  . . . . . . . . .	Number	 00000003h   
PeekConsoleInput . . . . . . . .	Text   	 PeekConsoleInputA
RIGHT_ALT_PRESSED  . . . . . . .	Number	 00000001h   
RIGHT_CTRL_PRESSED . . . . . . .	Number	 00000004h   
ReadConsoleInput . . . . . . . .	Text   	 ReadConsoleInputA
ReadConsole  . . . . . . . . . .	Text   	 ReadConsoleA
SCROLLLOCK_ON  . . . . . . . . .	Number	 00000040h   
SHIFT_MASK . . . . . . . . . . .	Number	 00000010h   
SHIFT_PRESSED  . . . . . . . . .	Number	 00000010h   
STD_ERROR_HANDLE . . . . . . . .	Number	 -0000000Ch   
STD_INPUT_HANDLE . . . . . . . .	Number	 -0000000Ah   
STD_OUTPUT_HANDLE  . . . . . . .	Number	 -0000000Bh   
SetConsoleTitle  . . . . . . . .	Text   	 SetConsoleTitleA
TAB  . . . . . . . . . . . . . .	Number	 00000009h   
TRUE . . . . . . . . . . . . . .	Number	 00000001h   
TRUNCATE_EXISTING  . . . . . . .	Number	 00000005h   
VK_11  . . . . . . . . . . . . .	Number	 000000BDh   
VK_12  . . . . . . . . . . . . .	Number	 000000BBh   
VK_ADD . . . . . . . . . . . . .	Number	 0000006Bh   
VK_BACK  . . . . . . . . . . . .	Number	 00000008h   
VK_CANCEL  . . . . . . . . . . .	Number	 00000003h   
VK_CAPITAL . . . . . . . . . . .	Number	 00000014h   
VK_CLEAR . . . . . . . . . . . .	Number	 0000000Ch   
VK_CONTROL . . . . . . . . . . .	Number	 00000011h   
VK_DECIMAL . . . . . . . . . . .	Number	 0000006Eh   
VK_DELETE  . . . . . . . . . . .	Number	 0000002Eh   
VK_DIVIDE  . . . . . . . . . . .	Number	 0000006Fh   
VK_DOWN  . . . . . . . . . . . .	Number	 00000028h   
VK_END . . . . . . . . . . . . .	Number	 00000023h   
VK_ESCAPE  . . . . . . . . . . .	Number	 0000001Bh   
VK_EXECUTE . . . . . . . . . . .	Number	 0000002Bh   
VK_F10 . . . . . . . . . . . . .	Number	 00000079h   
VK_F11 . . . . . . . . . . . . .	Number	 0000007Ah   
VK_F12 . . . . . . . . . . . . .	Number	 0000007Bh   
VK_F13 . . . . . . . . . . . . .	Number	 0000007Ch   
VK_F14 . . . . . . . . . . . . .	Number	 0000007Dh   
VK_F15 . . . . . . . . . . . . .	Number	 0000007Eh   
VK_F16 . . . . . . . . . . . . .	Number	 0000007Fh   
VK_F17 . . . . . . . . . . . . .	Number	 00000080h   
VK_F18 . . . . . . . . . . . . .	Number	 00000081h   
VK_F19 . . . . . . . . . . . . .	Number	 00000082h   
VK_F1  . . . . . . . . . . . . .	Number	 00000070h   
VK_F20 . . . . . . . . . . . . .	Number	 00000083h   
VK_F21 . . . . . . . . . . . . .	Number	 00000084h   
VK_F22 . . . . . . . . . . . . .	Number	 00000085h   
VK_F23 . . . . . . . . . . . . .	Number	 00000086h   
VK_F24 . . . . . . . . . . . . .	Number	 00000087h   
VK_F2  . . . . . . . . . . . . .	Number	 00000071h   
VK_F3  . . . . . . . . . . . . .	Number	 00000072h   
VK_F4  . . . . . . . . . . . . .	Number	 00000073h   
VK_F5  . . . . . . . . . . . . .	Number	 00000074h   
VK_F6  . . . . . . . . . . . . .	Number	 00000075h   
VK_F7  . . . . . . . . . . . . .	Number	 00000076h   
VK_F8  . . . . . . . . . . . . .	Number	 00000077h   
VK_F9  . . . . . . . . . . . . .	Number	 00000078h   
VK_HELP  . . . . . . . . . . . .	Number	 0000002Fh   
VK_HOME  . . . . . . . . . . . .	Number	 00000024h   
VK_INSERT  . . . . . . . . . . .	Number	 0000002Dh   
VK_LBUTTON . . . . . . . . . . .	Number	 00000001h   
VK_LCONTROL  . . . . . . . . . .	Number	 000000A2h   
VK_LEFT  . . . . . . . . . . . .	Number	 00000025h   
VK_LMENU . . . . . . . . . . . .	Number	 000000A4h   
VK_LSHIFT  . . . . . . . . . . .	Number	 000000A0h   
VK_MENU  . . . . . . . . . . . .	Number	 00000012h   
VK_MULTIPLY  . . . . . . . . . .	Number	 0000006Ah   
VK_NEXT  . . . . . . . . . . . .	Number	 00000022h   
VK_NUMLOCK . . . . . . . . . . .	Number	 00000090h   
VK_NUMPAD0 . . . . . . . . . . .	Number	 00000060h   
VK_NUMPAD1 . . . . . . . . . . .	Number	 00000061h   
VK_NUMPAD2 . . . . . . . . . . .	Number	 00000062h   
VK_NUMPAD3 . . . . . . . . . . .	Number	 00000063h   
VK_NUMPAD4 . . . . . . . . . . .	Number	 00000064h   
VK_NUMPAD5 . . . . . . . . . . .	Number	 00000065h   
VK_NUMPAD6 . . . . . . . . . . .	Number	 00000066h   
VK_NUMPAD7 . . . . . . . . . . .	Number	 00000067h   
VK_NUMPAD8 . . . . . . . . . . .	Number	 00000068h   
VK_NUMPAD9 . . . . . . . . . . .	Number	 00000069h   
VK_PAUSE . . . . . . . . . . . .	Number	 00000013h   
VK_PRINT . . . . . . . . . . . .	Number	 0000002Ah   
VK_PRIOR . . . . . . . . . . . .	Number	 00000021h   
VK_RBUTTON . . . . . . . . . . .	Number	 00000002h   
VK_RCONTROL  . . . . . . . . . .	Number	 000000A3h   
VK_RETURN  . . . . . . . . . . .	Number	 0000000Dh   
VK_RIGHT . . . . . . . . . . . .	Number	 00000027h   
VK_RMENU . . . . . . . . . . . .	Number	 000000A5h   
VK_RSHIFT  . . . . . . . . . . .	Number	 000000A1h   
VK_SCROLL  . . . . . . . . . . .	Number	 00000091h   
VK_SEPARATER . . . . . . . . . .	Number	 0000006Ch   
VK_SHIFT . . . . . . . . . . . .	Number	 00000010h   
VK_SNAPSHOT  . . . . . . . . . .	Number	 0000002Ch   
VK_SPACE . . . . . . . . . . . .	Number	 00000020h   
VK_SUBTRACT  . . . . . . . . . .	Number	 0000006Dh   
VK_TAB . . . . . . . . . . . . .	Number	 00000009h   
VK_UP  . . . . . . . . . . . . .	Number	 00000026h   
WINDOW_BUFFER_SIZE_EVENT . . . .	Number	 00000004h   
WriteConsoleOutputCharacter  . .	Text   	 WriteConsoleOutputCharacterA
WriteConsole . . . . . . . . . .	Text   	 WriteConsoleA
black  . . . . . . . . . . . . .	Number	 00000000h   
blueTxt  . . . . . . . . . . . .	Number	 00000001h   
blue . . . . . . . . . . . . . .	Number	 00000001h   
brown  . . . . . . . . . . . . .	Number	 00000006h   
cyan . . . . . . . . . . . . . .	Number	 00000003h   
exit . . . . . . . . . . . . . .	Text   	 INVOKE ExitProcess,0
fileName . . . . . . . . . . . .	Byte	 00000000 _DATA	
gamePause1 . . . . . . . . . . .	Byte	 00000C98 _DATA	
gamePause2 . . . . . . . . . . .	Byte	 00000CAA _DATA	
gamePause3 . . . . . . . . . . .	Byte	 00000CBF _DATA	
gamePause4 . . . . . . . . . . .	Byte	 00000CD3 _DATA	
gray . . . . . . . . . . . . . .	Number	 00000008h   
greenTxt . . . . . . . . . . . .	Number	 00000002h   
green  . . . . . . . . . . . . .	Number	 00000002h   
hsTitle0 . . . . . . . . . . . .	Byte	 00000B62 _DATA	
hsTitle1 . . . . . . . . . . . .	Byte	 00000BA0 _DATA	
hsTitle2 . . . . . . . . . . . .	Byte	 00000BDE _DATA	
hsTitle3 . . . . . . . . . . . .	Byte	 00000C1C _DATA	
hsTitle4 . . . . . . . . . . . .	Byte	 00000C5A _DATA	
inputName  . . . . . . . . . . .	Byte	 0000000A _DATA	
instruc1 . . . . . . . . . . . .	Byte	 000008FF _DATA	
instruc2 . . . . . . . . . . . .	Byte	 00000943 _DATA	
instruc3 . . . . . . . . . . . .	Byte	 0000098B _DATA	
instruc4 . . . . . . . . . . . .	Byte	 000009D3 _DATA	
instruc5 . . . . . . . . . . . .	Byte	 000009F7 _DATA	
instruc6 . . . . . . . . . . . .	Byte	 00000A1B _DATA	
instruc7 . . . . . . . . . . . .	Byte	 00000A5F _DATA	
instruc8 . . . . . . . . . . . .	Byte	 00000A9E _DATA	
instruc9 . . . . . . . . . . . .	Byte	 00000AE7 _DATA	
instrucChoose  . . . . . . . . .	Byte	 00000B30 _DATA	
level1opt0 . . . . . . . . . . .	Byte	 000005D0 _DATA	
level1opt1 . . . . . . . . . . .	Byte	 000005FF _DATA	
level1opt2 . . . . . . . . . . .	Byte	 0000062E _DATA	
level1opt3 . . . . . . . . . . .	Byte	 0000065D _DATA	
level1opt4 . . . . . . . . . . .	Byte	 0000068C _DATA	
level2opt0 . . . . . . . . . . .	Byte	 000006BB _DATA	
level2opt1 . . . . . . . . . . .	Byte	 000006EA _DATA	
level2opt2 . . . . . . . . . . .	Byte	 00000719 _DATA	
level2opt3 . . . . . . . . . . .	Byte	 00000748 _DATA	
level2opt4 . . . . . . . . . . .	Byte	 00000777 _DATA	
level3opt0 . . . . . . . . . . .	Byte	 000007A6 _DATA	
level3opt1 . . . . . . . . . . .	Byte	 000007D5 _DATA	
level3opt2 . . . . . . . . . . .	Byte	 00000804 _DATA	
level3opt3 . . . . . . . . . . .	Byte	 00000833 _DATA	
level3opt4 . . . . . . . . . . .	Byte	 00000862 _DATA	
leveloptchoose1  . . . . . . . .	Byte	 00000891 _DATA	
leveloptchoose2  . . . . . . . .	Byte	 000008CA _DATA	
lightBlue  . . . . . . . . . . .	Number	 00000009h   
lightCyan  . . . . . . . . . . .	Number	 0000000Bh   
lightGray  . . . . . . . . . . .	Number	 00000007h   
lightGreen . . . . . . . . . . .	Number	 0000000Ah   
lightMagenta . . . . . . . . . .	Number	 0000000Dh   
lightRed . . . . . . . . . . . .	Number	 0000000Ch   
magenta  . . . . . . . . . . . .	Number	 00000005h   
menuopt0 . . . . . . . . . . . .	Byte	 000004EF _DATA	
menuopt1 . . . . . . . . . . . .	Byte	 00000511 _DATA	
menuopt2 . . . . . . . . . . . .	Byte	 00000533 _DATA	
menuopt3 . . . . . . . . . . . .	Byte	 00000555 _DATA	
menuopt4 . . . . . . . . . . . .	Byte	 00000577 _DATA	
menuopt5 . . . . . . . . . . . .	Byte	 00000599 _DATA	
menuoptchoose  . . . . . . . . .	Byte	 000005BB _DATA	
menutitle0 . . . . . . . . . . .	Byte	 000003D7 _DATA	
menutitle1 . . . . . . . . . . .	Byte	 00000406 _DATA	
menutitle2 . . . . . . . . . . .	Byte	 00000435 _DATA	
menutitle3 . . . . . . . . . . .	Byte	 00000463 _DATA	
menutitle4 . . . . . . . . . . .	Byte	 00000492 _DATA	
menutitle5 . . . . . . . . . . .	Byte	 000004C0 _DATA	
pmtitle10  . . . . . . . . . . .	Byte	 00000333 _DATA	
pmtitle11  . . . . . . . . . . .	Byte	 00000385 _DATA	
pmtitle1 . . . . . . . . . . . .	Byte	 00000051 _DATA	
pmtitle2 . . . . . . . . . . . .	Byte	 000000A3 _DATA	
pmtitle3 . . . . . . . . . . . .	Byte	 000000F5 _DATA	
pmtitle4 . . . . . . . . . . . .	Byte	 00000147 _DATA	
pmtitle5 . . . . . . . . . . . .	Byte	 00000199 _DATA	
pmtitle6 . . . . . . . . . . . .	Byte	 000001EB _DATA	
pmtitle7 . . . . . . . . . . . .	Byte	 0000023D _DATA	
pmtitle8 . . . . . . . . . . . .	Byte	 0000028F _DATA	
pmtitle9 . . . . . . . . . . . .	Byte	 000002E1 _DATA	
redTxt . . . . . . . . . . . . .	Number	 00000004h   
red  . . . . . . . . . . . . . .	Number	 00000004h   
temp . . . . . . . . . . . . . .	Byte	 00000CE7 _DATA	
userChoice . . . . . . . . . . .	Byte	 00000CE6 _DATA	
username . . . . . . . . . . . .	Byte	 0000001F _DATA	
whiteTxt . . . . . . . . . . . .	Number	 0000000Fh   
white  . . . . . . . . . . . . .	Number	 0000000Fh   
wsprintf . . . . . . . . . . . .	Text   	 wsprintfA
yellowTxt  . . . . . . . . . . .	Number	 0000000Eh   
yellow . . . . . . . . . . . . .	Number	 0000000Eh   

	   0 Warnings
	   0 Errors
